[1] |G| = 175 ; |U| = 134 ; availability A = 0.766 (B = 200)

[2] denominator variants on the 17 fixed anchor loci:
                         label   S_U   S_G     D     Q Q_over_D
                        <char> <num> <num> <num> <num>    <num>
 1:     A06_Chr4:27.55-27.55Mb 0.224 0.171 0.171 0.171        1
 2:       A08_Chr5:2.48-2.50Mb 0.194 0.149 0.149 0.149        1
 3:     A04_Chr4:22.51-22.51Mb 0.187 0.143 0.143 0.143        1
 4: A02_Chr1:21.50-21.93Mb*inv 0.157 0.120 0.120 0.120        1
 5:      A15_Chr20:0.18-0.26Mb 0.157 0.120 0.120 0.120        1
 6:      A14_Chr18:5.61-5.61Mb 0.142 0.109 0.109 0.109        1
 7:     A09_Chr7:11.55-11.66Mb 0.119 0.091 0.091 0.091        1
 8:    A11_Chr12:16.52-16.55Mb 0.097 0.074 0.074 0.074        1
 9:      A13_Chr17:9.94-9.94Mb 0.097 0.074 0.074 0.074        1
10: A07_Chr4:12.81-12.81Mb*Eda 0.090 0.069 0.069 0.069        1
11:      A12_Chr17:6.55-6.77Mb 0.090 0.069 0.069 0.069        1
12:     A01_Chr1:27.28-27.28Mb 0.082 0.063 0.063 0.063        1
13:    A10_Chr12:15.55-15.55Mb 0.075 0.057 0.057 0.057        1
14:      A16_Chr20:3.67-3.67Mb 0.067 0.051 0.051 0.051        1
15:      A17_Chr20:8.89-8.90Mb 0.067 0.051 0.051 0.051        1
16:     A03_Chr3:13.03-13.03Mb 0.045 0.034 0.034 0.034        1
17:     A05_Chr4:25.67-25.99Mb 0.045 0.034 0.034 0.034        1

[3] rank agreement between variants (Spearman; top-5 overlap):
        a        b spearman top5_overlap
   <char>   <char>    <num>        <num>
1:    S_U      S_G        1            1
2:    S_G        D        1            1
3:    S_G Q_over_D       NA            1
4:      D Q_over_D       NA            1
5:    S_U Q_over_D       NA            1

[4] S^U inflates every locus by the factor |G|/|U| = 1.31 (identical rankings
    when every significant cell is usable, which it is by definition:
    S^U == S_G * |G|/|U| exactly for all loci: TRUE
    => the conditional denominator is a pure RESCALING here: it changes the
       reported magnitude (and so its interpretability) but not the ranking.

[5] pathology check: a locus significant in exactly 1 usable cell scores
    S^U = 1/134 = 0.0075 now, but would score S^U = 1.0 if |U| = 1.
    S^G for that same locus is 1/175 = 0.0057 regardless of how dead the grid is.
[6] rule any    : Spearman(anchor S_G, prototype per-chromosome score) = +0.372
[6] rule ovl50  : Spearman(anchor S_G, prototype per-chromosome score) = +0.372
[6] rule rec50  : Spearman(anchor S_G, prototype per-chromosome score) = +0.065
[6] rule span   : Spearman(anchor S_G, prototype per-chromosome score) = +0.372
    (8 distinct prototype values are shared among the 17 anchors -- 7 of the 17
     anchors sit on a chromosome that carries another anchor, so the prototype
     cannot separate them at all.)

[7] anchor S_G ranking by matching rule:
    any    vs ovl50  : rho = +1.000 ; top5 overlap = 1.00
    any    vs rec50  : rho = +0.806 ; top5 overlap = 0.60
    any    vs span   : rho = +1.000 ; top5 overlap = 1.00
    ovl50  vs rec50  : rho = +0.806 ; top5 overlap = 0.60
    ovl50  vs span   : rho = +1.000 ; top5 overlap = 1.00
    rec50  vs span   : rho = +0.806 ; top5 overlap = 0.60

[7] top-5 anchors under each rule:
    any    : A02_Chr1:21.50-21.93Mb*inv | A15_Chr20:0.18-0.26Mb | A09_Chr7:11.55-11.66Mb | A08_Chr5:2.48-2.50Mb | A12_Chr17:6.55-6.77Mb
    ovl50  : A02_Chr1:21.50-21.93Mb*inv | A15_Chr20:0.18-0.26Mb | A09_Chr7:11.55-11.66Mb | A08_Chr5:2.48-2.50Mb | A12_Chr17:6.55-6.77Mb
    rec50  : A06_Chr4:27.55-27.55Mb | A08_Chr5:2.48-2.50Mb | A04_Chr4:22.51-22.51Mb | A02_Chr1:21.50-21.93Mb*inv | A15_Chr20:0.18-0.26Mb
    span   : A02_Chr1:21.50-21.93Mb*inv | A15_Chr20:0.18-0.26Mb | A09_Chr7:11.55-11.66Mb | A08_Chr5:2.48-2.50Mb | A12_Chr17:6.55-6.77Mb

[7] wrote results/C2_variant_comparison.csv, anchor_vs_prototype.csv
