[1] B = 200 ; p floor = 1/(B+1) = 0.00498 ; (prototype cap B=100 -> 0.00990)
[2] naive (distinct-p) bound m <= alpha*(B+1) = 10.1 would block 32 of 134 productive cells;
    but 32 of those actually DO produce significant regions, because their p-values
    are tied at the floor and BH rejects tied sets together.
[2] tie-aware condition (p0 <= alpha*k/m) predicts the cell's outcome correctly in 100 of 134 cells
    -> the operative driver of per-cell significance is the FRACTION of regions at the
       p-value floor (median 0.29, range 0.00-0.67), i.e. how many regions the null
       fails to rebuild AT ALL -- not the strength of any individual region.
[2] a cell where EVERY region is at the floor rejects every one of them: 0 such cells
    lmin cells m_median m_max median_frac_floor cells_with_sig
   <int> <int>    <int> <int>             <num>          <int>
1:     1    25       21   134              0.26             25
2:     2    25        8    61              0.33             25
3:     3    25        3    39              0.50             25
4:     5    24        2    16              0.24             24
5:    10    14        1     8              0.00             14
6:    15    11        1     6              0.00             11
7:    20    10        1     5              0.00             10
[4] B =  25 : mean S_G = 0.0871 ; anchors with S_G>0 = 17
[4] B =  50 : mean S_G = 0.0864 ; anchors with S_G>0 = 17
[4] B = 100 : mean S_G = 0.0857 ; anchors with S_G>0 = 17
[4] B = 150 : mean S_G = 0.0871 ; anchors with S_G>0 = 17
[4] B = 200 : mean S_G = 0.0871 ; anchors with S_G>0 = 17
       B mean_S_G n_pos spearman_vs_Bmin top5_vs_Bmin spearman_vs_full
   <int>    <num> <int>            <num>        <num>            <num>
1:    25   0.0871    17            1.000            1            1.000
2:    50   0.0864    17            1.000            1            1.000
3:   100   0.0857    17            0.999            1            0.999
4:   150   0.0871    17            1.000            1            1.000
5:   200   0.0871    17            1.000            1            1.000
   top5_vs_full
          <num>
1:            1
2:            1
3:            1
4:            1
5:            1

[4] wrote results/null_resolution.csv + null_resolution_subsampling.csv
