[0] reference point (0.05, 3) supplies 17 displayed regions; sizes 3 3 3 3 3 4 4 4 4 5 5 5 9 10 22 33 245
    NB the reference point is NOT a grid cell and does not define admissibility.
[1] loaded cached support

[2] detection vs BH-significance, every grid x threshold:
             config cells_detected cells_significant detected_not_sig
             <char>          <int>             <int>            <int>
 1:      full.rec25            435               435                0
 2:      full.rec50            259               259                0
 3:      full.rec75            244               244                0
 4:       P20.rec25             82                82                0
 5:       P20.rec50             70                70                0
 6:       P20.rec75             67                67                0
 7:       P10.rec25             42                42                0
 8:       P10.rec50             39                39                0
 9:       P10.rec75             38                38                0
10:       P05.rec25              0                 0                0
11:       P05.rec50              0                 0                0
12:       P05.rec75              0                 0                0
13:       U10.rec25             11                11                0
14:       U10.rec50             11                11                0
15:       U10.rec75             11                11                0
16:      C001.rec25             24                24                0
17:      C001.rec50              0                 0                0
18:      C001.rec75              0                 0                0
19: full.rec50recip            227               227                0
    -> detected-but-not-significant cells, total across ALL configurations: 0
       Significance support is REDUNDANT with detection support; it is reported
       below for completeness but is not independent evidence.

[3] detection support D_r at rec50, by admissible grid (denominator = ALL cells in that grid):
                         label  full   P20   P10   P05   U10  C001
                        <char> <num> <num> <num> <num> <num> <num>
 1:     A06_Chr4:27.55-27.55Mb 0.171 0.026 0.000     0 0.000     0
 2:       A08_Chr5:2.48-2.50Mb 0.149 0.121 0.116     0 0.049     0
 3:     A04_Chr4:22.51-22.51Mb 0.143 0.009 0.000     0 0.000     0
 4: A02_Chr1:21.50-21.93Mb*inv 0.120 0.103 0.105     0 0.049     0
 5:      A15_Chr20:0.18-0.26Mb 0.120 0.103 0.105     0 0.049     0
 6:      A14_Chr18:5.61-5.61Mb 0.109 0.017 0.000     0 0.000     0
 7:     A09_Chr7:11.55-11.66Mb 0.091 0.060 0.047     0 0.016     0
 8:    A11_Chr12:16.52-16.55Mb 0.074 0.034 0.012     0 0.000     0
 9:      A13_Chr17:9.94-9.94Mb 0.074 0.034 0.012     0 0.000     0
10: A07_Chr4:12.81-12.81Mb*Eda 0.069 0.034 0.035     0 0.016     0
11:      A12_Chr17:6.55-6.77Mb 0.069 0.026 0.000     0 0.000     0
12:     A01_Chr1:27.28-27.28Mb 0.063 0.000 0.000     0 0.000     0
13:    A10_Chr12:15.55-15.55Mb 0.057 0.009 0.000     0 0.000     0
14:      A16_Chr20:3.67-3.67Mb 0.051 0.000 0.000     0 0.000     0
15:      A17_Chr20:8.89-8.90Mb 0.051 0.026 0.023     0 0.000     0
16:     A03_Chr3:13.03-13.03Mb 0.034 0.000 0.000     0 0.000     0
17:     A05_Chr4:25.67-25.99Mb 0.034 0.000 0.000     0 0.000     0

    grid sizes: full=175 P20=116 P10=86 P05=42 U10=61 C001=107

[3] regions with ZERO support, by grid (rec50):
    full  :  0 of 17  
    P20   :  4 of 17  A01_Chr1:27.28-27.28Mb | A16_Chr20:3.67-3.67Mb | A03_Chr3:13.03-13.03Mb | A05_Chr4:25.67-25.99Mb
    P10   :  9 of 17  A06_Chr4:27.55-27.55Mb | A04_Chr4:22.51-22.51Mb | A14_Chr18:5.61-5.61Mb | A12_Chr17:6.55-6.77Mb | A01_Chr1:27.28-27.28Mb | A10_Chr12:15.55-15.55M | A16_Chr20:3.67-3.67Mb | A03_Chr3:13.03-13.03Mb | A05_Chr4:25.67-25.99Mb
    P05   : 17 of 17  A06_Chr4:27.55-27.55Mb | A08_Chr5:2.48-2.50Mb | A04_Chr4:22.51-22.51Mb | A02_Chr1:21.50-21.93Mb | A15_Chr20:0.18-0.26Mb | A14_Chr18:5.61-5.61Mb | A09_Chr7:11.55-11.66Mb | A11_Chr12:16.52-16.55M | A13_Chr17:9.94-9.94Mb | A07_Chr4:12.81-12.81Mb | A12_Chr17:6.55-6.77Mb | A01_Chr1:27.28-27.28Mb | A10_Chr12:15.55-15.55M | A16_Chr20:3.67-3.67Mb | A17_Chr20:8.89-8.90Mb | A03_Chr3:13.03-13.03Mb | A05_Chr4:25.67-25.99Mb
    U10   : 12 of 17  A06_Chr4:27.55-27.55Mb | A04_Chr4:22.51-22.51Mb | A14_Chr18:5.61-5.61Mb | A11_Chr12:16.52-16.55M | A13_Chr17:9.94-9.94Mb | A12_Chr17:6.55-6.77Mb | A01_Chr1:27.28-27.28Mb | A10_Chr12:15.55-15.55M | A16_Chr20:3.67-3.67Mb | A17_Chr20:8.89-8.90Mb | A03_Chr3:13.03-13.03Mb | A05_Chr4:25.67-25.99Mb
    C001  : 17 of 17  A06_Chr4:27.55-27.55Mb | A08_Chr5:2.48-2.50Mb | A04_Chr4:22.51-22.51Mb | A02_Chr1:21.50-21.93Mb | A15_Chr20:0.18-0.26Mb | A14_Chr18:5.61-5.61Mb | A09_Chr7:11.55-11.66Mb | A11_Chr12:16.52-16.55M | A13_Chr17:9.94-9.94Mb | A07_Chr4:12.81-12.81Mb | A12_Chr17:6.55-6.77Mb | A01_Chr1:27.28-27.28Mb | A10_Chr12:15.55-15.55M | A16_Chr20:3.67-3.67Mb | A17_Chr20:8.89-8.90Mb | A03_Chr3:13.03-13.03Mb | A05_Chr4:25.67-25.99Mb

[4] old conditional denominator |U| = 134 vs full grid |G| = 175:
    Spearman = 1.000 (a pure rescaling by |G|/|U| = 1.31; ranking identical)

[5] rank agreement with full-grid rec50:
      grid        thr n_cells spearman_vs_full_rec50 top5_overlap n_zero mean_D
    <char>     <char>   <int>                  <num>        <num>  <int>  <num>
 1:   full      rec25     175                  0.776          0.6      0 0.1462
 2:   full      rec50     175                  1.000          1.0      0 0.0871
 3:   full      rec75     175                  0.972          1.0      0 0.0820
 4:    P20      rec25     116                  0.647          0.6      4 0.0416
 5:    P20      rec50     116                  0.654          0.6      4 0.0355
 6:    P20      rec75     116                  0.649          0.6      4 0.0340
 7:    P10      rec25      86                  0.397          0.6      9 0.0287
 8:    P10      rec50      86                  0.404          0.6      9 0.0267
 9:    P10      rec75      86                  0.398          0.6      9 0.0260
10:    P05      rec25      42                     NA          0.4     17 0.0000
11:    P05      rec50      42                     NA          0.4     17 0.0000
12:    P05      rec75      42                     NA          0.4     17 0.0000
13:    U10      rec25      61                  0.477          0.6     12 0.0106
14:    U10      rec50      61                  0.477          0.6     12 0.0106
15:    U10      rec75      61                  0.477          0.6     12 0.0106
16:   C001      rec25     107                  0.254          0.4     14 0.0132
17:   C001      rec50     107                     NA          0.4     17 0.0000
18:   C001      rec75     107                     NA          0.4     17 0.0000
19:   full rec50recip     175                  0.880          0.6      0 0.0763

[6] reference-point sensitivity (regions redefined at neighbouring points,
    then scored on the SAME P20 admissible grid, rec50):
         ref n_regions mean_D n_zero max_D                 top_region
      <char>     <int>  <num>  <int> <num>                     <char>
1: (0.05, 3)        17 0.0355      4 0.121       A08_Chr5:2.48-2.50Mb
2: (0.04, 3)        19 0.0318      4 0.103 A02_Chr1:21.50-21.93Mb*inv
3: (0.06, 3)        13 0.0444      2 0.121       A05_Chr5:2.48-2.50Mb
4: (0.05, 2)        23 0.0266      9 0.121       A09_Chr5:2.48-2.50Mb
5: (0.05, 5)         8 0.0636      0 0.121       A03_Chr5:2.48-2.50Mb

[7] validation -- where are the detecting cells? (rec50, full grid)
                         label cells_detected mean_p_null_of_detecting_cells
                        <char>          <int>                          <num>
 1:     A03_Chr3:13.03-13.03Mb              6                          0.494
 2:     A05_Chr4:25.67-25.99Mb              6                          0.494
 3:     A01_Chr1:27.28-27.28Mb             11                          0.486
 4:      A16_Chr20:3.67-3.67Mb              9                          0.478
 5:    A10_Chr12:15.55-15.55Mb             10                          0.448
 6:     A04_Chr4:22.51-22.51Mb             19                          0.427
 7:      A14_Chr18:5.61-5.61Mb             17                          0.422
 8:      A12_Chr17:6.55-6.77Mb             12                          0.400
 9:     A06_Chr4:27.55-27.55Mb             24                          0.396
10:    A11_Chr12:16.52-16.55Mb             13                          0.376
11:      A13_Chr17:9.94-9.94Mb             13                          0.376
12: A07_Chr4:12.81-12.81Mb*Eda             12                          0.371
13:      A17_Chr20:8.89-8.90Mb              9                          0.369
14:     A09_Chr7:11.55-11.66Mb             16                          0.320
15:       A08_Chr5:2.48-2.50Mb             26                          0.268
16: A02_Chr1:21.50-21.93Mb*inv             21                          0.260
17:      A15_Chr20:0.18-0.26Mb             21                          0.260
    frac_in_P20
          <num>
 1:       0.000
 2:       0.000
 3:       0.000
 4:       0.000
 5:       0.100
 6:       0.053
 7:       0.118
 8:       0.250
 9:       0.125
10:       0.308
11:       0.308
12:       0.333
13:       0.333
14:       0.438
15:       0.538
16:       0.571
17:       0.571

    anchors with zero P20 support are detected in cells of mean p_null = 0.488;
    anchors retaining P20 support: mean p_null = 0.361

[8] wrote support_by_grid_threshold.csv, support_comparisons.csv,
    reference_point_sensitivity.csv, lenient_cell_validation.csv
