[6] reference-point region support D_r vs anchor-free marker support S_m
    full  : Spearman(D_r, mean S_m) = +0.880 ; Spearman(D_r, max S_m) = +0.806 ; top-5 overlap = 0.80
    P20   : Spearman(D_r, mean S_m) = +0.992 ; Spearman(D_r, max S_m) = +0.992 ; top-5 overlap = 1.00
    P10   : Spearman(D_r, mean S_m) = +0.991 ; Spearman(D_r, max S_m) = +0.991 ; top-5 overlap = 1.00
    U10   : Spearman(D_r, mean S_m) = +0.996 ; Spearman(D_r, max S_m) = +0.997 ; top-5 overlap = 1.00

    P20 detail (region support vs the support of its own markers):
                         label   D_r mean_S max_S frac_mk
                        <char> <num>  <num> <num>   <num>
 1:       A08_Chr5:2.48-2.50Mb 0.121  0.121 0.164       1
 2: A02_Chr1:21.50-21.93Mb*inv 0.103  0.147 0.647       1
 3:      A15_Chr20:0.18-0.26Mb 0.103  0.146 0.353       1
 4:     A09_Chr7:11.55-11.66Mb 0.060  0.067 0.095       1
 5: A07_Chr4:12.81-12.81Mb*Eda 0.034  0.034 0.034       1
 6:    A11_Chr12:16.52-16.55Mb 0.034  0.034 0.034       1
 7:      A13_Chr17:9.94-9.94Mb 0.034  0.034 0.034       1
 8:     A06_Chr4:27.55-27.55Mb 0.026  0.026 0.026       1
 9:      A12_Chr17:6.55-6.77Mb 0.026  0.026 0.026       1
10:      A17_Chr20:8.89-8.90Mb 0.026  0.026 0.026       1
11:      A14_Chr18:5.61-5.61Mb 0.017  0.017 0.017       1
12:     A04_Chr4:22.51-22.51Mb 0.009  0.009 0.009       1
13:    A10_Chr12:15.55-15.55Mb 0.009  0.009 0.009       1
14:     A01_Chr1:27.28-27.28Mb 0.000  0.000 0.000       0
15:     A03_Chr3:13.03-13.03Mb 0.000  0.000 0.000       0
16:     A05_Chr4:25.67-25.99Mb 0.000  0.000 0.000       0
17:      A16_Chr20:3.67-3.67Mb 0.000  0.000 0.000       0

    -> region-level and marker-level views AGREE almost exactly on the admissible
       grids (Spearman 0.99). In principle a region could score D_r = 0 while its
       markers kept positive S_m (never recovered >=50% intact, yet partly inside
       some region); in fact 0 of the 4 zero-support P20 regions are of that kind --
       their markers have NO support at all (frac_markers_supported = 0), so nothing
       is hidden by working at the region level rather than the marker level.

[all] consolidated comparison table:
                          comparison spearman_vs_full_rec50 top5_overlap
                              <char>                  <num>        <num>
 1:          1 full grid (175 cells)                  1.000          1.0
 2:     2 admissible P20 (116 cells)                  0.654          0.6
 3:      2 admissible P10 (86 cells)                  0.404          0.6
 4:      2 admissible P05 (42 cells)                     NA          0.4
 5:      2 admissible U10 (61 cells)                  0.477          0.6
 6:    2 admissible C001 (107 cells)                     NA          0.4
 7:      3 old conditional |U| = 134                  1.000          1.0
 8: 4 BH-significance support (full)                  1.000          1.0
 9:          5 matching rec25 (full)                  0.776          0.6
10:          5 matching rec75 (full)                  0.972          1.0
11:        5 reciprocal rec50 (full)                  0.880          0.6
12:    6 anchor-free mean S_m (full)                  0.880          0.8
    n_zero_support mean_support
             <int>        <num>
 1:              0       0.0871
 2:              4       0.0355
 3:              9       0.0267
 4:             17       0.0000
 5:             12       0.0106
 6:             17       0.0000
 7:              0       0.1137
 8:              0       0.0871
 9:              0       0.1462
10:              0       0.0820
11:              0       0.0763
12:              0       0.1140
                                                            note
                                                          <char>
 1:                                       reference for all rows
 2:                null-only rule; 4/17 regions lose all support
 3:                null-only rule; 9/17 regions lose all support
 4:               null-only rule; 17/17 regions lose all support
 5:               null-only rule; 12/17 regions lose all support
 6:               null-only rule; 17/17 regions lose all support
 7:                   pure rescaling of row 1; identical ranking
 8: IDENTICAL to detection: 0 detected-but-not-significant cells
 9:                            anchor-marker retention threshold
10:                            anchor-marker retention threshold
11:                                also demands |AnR|/|R| >= 0.5
12:                     marker-level support of the same regions

[7] regions changing interpretation between the full and P20 grids:
                         label  full   P20 rank_full rank_P20 delta_rank
                        <char> <num> <num>     <int>    <int>      <int>
 1:     A04_Chr4:22.51-22.51Mb 0.143 0.009         3       12          9
 2:     A06_Chr4:27.55-27.55Mb 0.171 0.026         1        8          7
 3:      A14_Chr18:5.61-5.61Mb 0.109 0.017         6       11          5
 4:     A01_Chr1:27.28-27.28Mb 0.063 0.000        12       14          2
 5:      A16_Chr20:3.67-3.67Mb 0.051 0.000        14       14          0
 6:       A08_Chr5:2.48-2.50Mb 0.149 0.121         2        1         -1
 7:    A10_Chr12:15.55-15.55Mb 0.057 0.009        13       12         -1
 8: A02_Chr1:21.50-21.93Mb*inv 0.120 0.103         4        2         -2
 9:     A03_Chr3:13.03-13.03Mb 0.034 0.000        16       14         -2
10:     A05_Chr4:25.67-25.99Mb 0.034 0.000        16       14         -2
11:      A12_Chr17:6.55-6.77Mb 0.069 0.026        10        8         -2
12:      A15_Chr20:0.18-0.26Mb 0.120 0.103         4        2         -2
13:     A09_Chr7:11.55-11.66Mb 0.091 0.060         7        4         -3
14:    A11_Chr12:16.52-16.55Mb 0.074 0.034         8        5         -3
15:      A13_Chr17:9.94-9.94Mb 0.074 0.034         8        5         -3
16: A07_Chr4:12.81-12.81Mb*Eda 0.069 0.034        10        5         -5
17:      A17_Chr20:8.89-8.90Mb 0.051 0.026        14        8         -6

    largest demotions are the small anchors that only ever appear in null-prone cells;
    the Chr1 inversion moves rank 4 -> 2 and Eda rank 10 -> 5.

[8] wrote region_vs_marker_support.csv + consolidated_comparisons.csv
