  [envs] using 10 env cell(s): 1,2,3,4,5,6,7,8,9,10
V2_c1 (nobgs): GRM comparison over env 1,2,3,4,5,6,7,8,9,10
env5: chain gif=1.094 maxC=0.049 | ldw_b gif=0.968 maxC=0.132 | ldw_008 gif=1.190 maxC=0.134 ; |tau|=50
env3: chain gif=1.024 maxC=0.998 | ldw_b gif=0.939 maxC=0.998 | ldw_008 gif=1.137 maxC=0.998 ; |tau|=50
env1: chain gif=1.050 maxC=0.659 | ldw_b gif=0.932 maxC=0.562 | ldw_008 gif=1.166 maxC=0.670 ; |tau|=50
env4: chain gif=1.074 maxC=0.990 | ldw_b gif=0.916 maxC=0.990 | ldw_008 gif=1.207 maxC=1.000 ; |tau|=50
env2: chain gif=1.093 maxC=1.000 | ldw_b gif=0.963 maxC=1.000 | ldw_008 gif=1.251 maxC=1.000 ; |tau|=50
env10: chain gif=1.034 maxC=0.965 | ldw_b gif=0.942 maxC=0.965 | ldw_008 gif=1.115 maxC=0.965 ; |tau|=50
env6: chain gif=1.046 maxC=0.576 | ldw_b gif=0.957 maxC=0.554 | ldw_008 gif=1.199 maxC=0.781 ; |tau|=50
env9: chain gif=0.953 maxC=0.000 | ldw_b gif=0.889 maxC=0.000 | ldw_008 gif=1.019 maxC=0.005 ; |tau|=8
env8: chain gif=1.019 maxC=0.864 | ldw_b gif=0.911 maxC=0.943 | ldw_008 gif=1.138 maxC=0.992 ; |tau|=50
env7: chain gif=1.019 maxC=0.801 | ldw_b gif=0.915 maxC=0.601 | ldw_008 gif=1.086 maxC=0.876 ; |tau|=50

=== PR-AUC (mean +/- SE, adaptive tau) ===
     method l_min   gif PR_AUC    SE
     <char> <int> <num>  <num> <num>
 1:   chain     1 1.041  0.220 0.057
 2:   chain     2 1.041  0.235 0.050
 3:   chain     4 1.041  0.274 0.060
 4:   chain     8 1.041  0.248 0.061
 5: ldw_008     1 1.151  0.199 0.054
 6: ldw_008     2 1.151  0.208 0.050
 7: ldw_008     4 1.151  0.246 0.055
 8: ldw_008     8 1.151  0.230 0.053
 9:   ldw_b     1 0.933  0.210 0.058
10:   ldw_b     2 0.933  0.227 0.056
11:   ldw_b     4 0.933  0.282 0.063
12:   ldw_b     8 0.933  0.250 0.058

wrote module_sim_LDscnR/results/grm_comparison_prauc.csv and module_sim_LDscnR/figures/grm_ldw095_manhattan.png
